// Jest Snapshot v1, https://goo.gl/fbAQLP

exports[`Pruebas en <GifGridItem /> debe de mostrar el componente correctamente 1`] = `
<div
  className="card animate__animated animate__backInLeft "
>
  <img
    alt="algun titulo"
    src="http://algo"
  />
  <p>
    algun titulo
  </p>
</div>
`;
